Overriding config with config/plan-a/a_combinedheavy.py:
# =============================================================================
# Plan A Combined: Task 1 best config (heavy_reg, PPL 24.8) + A1 + A2 + A3
# =============================================================================
# Base: train_rocstories_heavy_reg.py — our best Task 1 result
# Added: QK-Norm (A1), Value Dropout (A2), Weight Decay Schedule (A3)
#
# Reasoning for each choice:
#
# KEPT from heavy_reg (proven to work):
#   - batch_size=32: smaller batches acted as implicit regularization
#   - dropout=0.3: heavy_reg's main weapon against overfitting
#   - beta2=0.95: sharper optimizer updates worked better than 0.99
#   - learning_rate=6e-4: stable peak LR that didn't diverge
#   - min_lr=1e-5: fine-grained convergence in late training
#
# CHANGED with reasoning:
#   - weight_decay 1.0 -> 0.8 start (with A3 cosine schedule to 0.05):
#     Heavy_reg used fixed 1.0 throughout. The schedule lets us start
#     aggressive (preventing early memorization) but relax late so the
#     model can fit finer patterns. Net effect: same early regularization
#     strength but better late-stage convergence.
#   - v_dropout=0.1 (A2, new): heavy_reg already has dropout=0.3 globally.
#     Adding moderate extra dropout specifically on V projections targets
#     value embedding overfitting (autoresearch finding) without
#     over-regularizing the whole model. Kept conservative since base
#     dropout is already high.
#   - qk_norm=True (A1, new): normalizing Q,K stabilizes attention
#     distributions. The learnable scalar lets each head find its own
#     sharpness, which should help with the attention-too-diffuse problem
#     autoresearch identified.
# =============================================================================

out_dir = 'out-plan-a/a-combined'
eval_interval = 250
eval_iters = 100
log_interval = 25
always_save_checkpoint = False

wandb_log = False
wandb_project = 'rocstories-plan-a'
wandb_run_name = 'a-combined'

dataset = 'rocstories'
gradient_accumulation_steps = 4
batch_size = 32  # from heavy_reg — smaller batch = implicit regularization

# Architecture
n_layer = 6
n_head = 6
n_embd = 384
dropout = 0.3  # from heavy_reg — proven effective against overfitting
bias = False
block_size = 256

# A1: QK-Norm with learnable scalar
qk_norm = True
# A2: Value dropout — conservative since base dropout is already 0.3
v_dropout = 0.1

# Optimizer — from heavy_reg base
learning_rate = 6e-4
max_iters = 10000
weight_decay = 0.8  # slightly lower start since A3 schedule handles decay
beta1 = 0.9
beta2 = 0.95  # from heavy_reg — sharper updates
grad_clip = 1.0

# A3: Weight decay schedule — cosine from 0.8 down to 0.05
wd_schedule = True
min_weight_decay = 0.05

# LR schedule — from heavy_reg
decay_lr = True
warmup_iters = 500
lr_decay_iters = 10000
min_lr = 1e-5  # from heavy_reg — fine-grained late convergence

# Early stopping
early_stop_threshold = 3.25
early_stop_patience = 1500

# System
device = 'cuda'
dtype = 'bfloat16'
compile = True

tokens per iteration will be: 32,768
Initializing a new model from scratch
defaulting to vocab_size of GPT-2 to 50304 (50257 rounded up for efficiency)
number of parameters: 29.94M
/workspace/nanoGPT/train.py:213: FutureWarning: `torch.cuda.amp.GradScaler(args...)` is deprecated. Please use `torch.amp.GradScaler('cuda', args...)` instead.
  scaler = torch.cuda.amp.GradScaler(enabled=(dtype == 'float16'))
num decayed parameter tensors: 32, with 30,031,908 parameters
num non-decayed parameter tensors: 25, with 5,760 parameters
using fused AdamW: True
compiling the model... (takes a ~minute)
[normal] step 0: train loss 10.9138, val loss 10.9141, PPL 54946.69
iter 0: loss 10.9050, time 2441.17ms, mfu -100.00%
iter 25: loss 9.9795, time 55.44ms, mfu 35.37%
iter 50: loss 9.3697, time 55.54ms, mfu 35.37%
iter 75: loss 8.3821, time 55.76ms, mfu 35.35%
iter 100: loss 7.2873, time 55.93ms, mfu 35.32%
iter 125: loss 6.5886, time 55.77ms, mfu 35.30%
iter 150: loss 6.1441, time 55.81ms, mfu 35.29%
iter 175: loss 5.7986, time 55.84ms, mfu 35.27%
iter 200: loss 5.6035, time 55.61ms, mfu 35.27%
iter 225: loss 5.4426, time 55.63ms, mfu 35.27%
[normal] step 250: train loss 5.1995, val loss 5.2311, PPL 186.99
saving checkpoint to out-plan-a/a-combined
iter 250: loss 5.2552, time 1805.38ms, mfu 31.85%
iter 275: loss 5.1016, time 122.11ms, mfu 30.27%
iter 300: loss 5.0640, time 121.88ms, mfu 28.85%
iter 325: loss 4.9733, time 123.20ms, mfu 27.56%
iter 350: loss 5.0268, time 122.97ms, mfu 26.40%
iter 375: loss 4.8600, time 121.16ms, mfu 25.38%
iter 400: loss 4.7834, time 123.37ms, mfu 24.43%
iter 425: loss 4.7980, time 123.00ms, mfu 23.58%
iter 450: loss 4.6510, time 122.06ms, mfu 22.83%
iter 475: loss 4.6369, time 122.50ms, mfu 22.15%
[normal] step 500: train loss 4.5383, val loss 4.6052, PPL 100.00
saving checkpoint to out-plan-a/a-combined
iter 500: loss 4.5812, time 2103.52ms, mfu 20.02%
iter 525: loss 4.5757, time 123.32ms, mfu 19.61%
iter 550: loss 4.5718, time 121.38ms, mfu 19.27%
iter 575: loss 4.4698, time 123.70ms, mfu 18.93%
iter 600: loss 4.3877, time 123.53ms, mfu 18.62%
iter 625: loss 4.3455, time 122.11ms, mfu 18.36%
iter 650: loss 4.3398, time 122.46ms, mfu 18.13%
iter 675: loss 4.2470, time 123.14ms, mfu 17.91%
iter 700: loss 4.2218, time 122.31ms, mfu 17.72%
iter 725: loss 4.1405, time 122.60ms, mfu 17.55%
[normal] step 750: train loss 4.0099, val loss 4.1279, PPL 62.05
saving checkpoint to out-plan-a/a-combined
iter 750: loss 4.1269, time 2100.31ms, mfu 15.89%
iter 775: loss 4.0943, time 123.52ms, mfu 15.89%
iter 800: loss 4.0111, time 122.12ms, mfu 15.90%
iter 825: loss 4.0645, time 121.85ms, mfu 15.92%
iter 850: loss 4.0044, time 123.34ms, mfu 15.92%
iter 875: loss 4.0204, time 122.42ms, mfu 15.93%
iter 900: loss 3.9573, time 122.91ms, mfu 15.93%
iter 925: loss 3.9201, time 123.72ms, mfu 15.92%
iter 950: loss 3.8923, time 122.20ms, mfu 15.94%
iter 975: loss 3.8177, time 122.71ms, mfu 15.94%
[normal] step 1000: train loss 3.7086, val loss 3.8658, PPL 47.74
saving checkpoint to out-plan-a/a-combined
iter 1000: loss 3.8309, time 2104.52ms, mfu 14.44%
iter 1025: loss 3.9272, time 123.76ms, mfu 14.58%
iter 1050: loss 3.7792, time 122.39ms, mfu 14.72%
iter 1075: loss 3.8084, time 122.58ms, mfu 14.85%
iter 1100: loss 3.7572, time 123.26ms, mfu 14.96%
iter 1125: loss 3.6601, time 115.58ms, mfu 15.16%
iter 1150: loss 3.7667, time 123.32ms, mfu 15.23%
iter 1175: loss 3.8076, time 122.52ms, mfu 15.31%
iter 1200: loss 3.7574, time 121.86ms, mfu 15.39%
iter 1225: loss 3.7241, time 123.46ms, mfu 15.44%
[normal] step 1250: train loss 3.5060, val loss 3.7115, PPL 40.91
saving checkpoint to out-plan-a/a-combined
iter 1250: loss 3.6600, time 2099.79ms, mfu 13.99%
iter 1275: loss 3.6293, time 122.19ms, mfu 14.19%
iter 1300: loss 3.6673, time 123.68ms, mfu 14.36%
iter 1325: loss 3.7255, time 123.73ms, mfu 14.51%
iter 1350: loss 3.6652, time 121.97ms, mfu 14.67%
iter 1375: loss 3.6011, time 123.57ms, mfu 14.79%
iter 1400: loss 3.6191, time 123.45ms, mfu 14.90%
iter 1425: loss 3.5921, time 121.85ms, mfu 15.02%
iter 1450: loss 3.5368, time 122.80ms, mfu 15.11%
iter 1475: loss 3.4896, time 122.69ms, mfu 15.20%
[normal] step 1500: train loss 3.3695, val loss 3.6196, PPL 37.32
saving checkpoint to out-plan-a/a-combined
iter 1500: loss 3.5357, time 2101.34ms, mfu 13.77%
iter 1525: loss 3.5184, time 121.96ms, mfu 14.00%
iter 1550: loss 3.5502, time 123.51ms, mfu 14.19%
iter 1575: loss 3.5395, time 123.19ms, mfu 14.36%
iter 1600: loss 3.4389, time 122.12ms, mfu 14.53%
iter 1625: loss 3.6264, time 122.60ms, mfu 14.68%
iter 1650: loss 3.5299, time 122.96ms, mfu 14.81%
iter 1675: loss 3.5239, time 122.07ms, mfu 14.93%
iter 1700: loss 3.4584, time 122.28ms, mfu 15.04%
iter 1725: loss 3.4291, time 123.74ms, mfu 15.12%
[normal] step 1750: train loss 3.2548, val loss 3.5421, PPL 34.54
saving checkpoint to out-plan-a/a-combined
iter 1750: loss 3.4317, time 2104.72ms, mfu 13.70%
iter 1775: loss 3.5015, time 121.73ms, mfu 13.94%
iter 1800: loss 3.4649, time 122.47ms, mfu 14.15%
iter 1825: loss 3.4066, time 123.28ms, mfu 14.33%
iter 1850: loss 3.4674, time 122.06ms, mfu 14.50%
iter 1875: loss 3.4907, time 122.51ms, mfu 14.65%
iter 1900: loss 3.3550, time 123.80ms, mfu 14.77%
iter 1925: loss 3.4022, time 123.25ms, mfu 14.88%
iter 1950: loss 3.4284, time 121.86ms, mfu 15.00%
iter 1975: loss 3.3697, time 123.94ms, mfu 15.09%
[normal] step 2000: train loss 3.1714, val loss 3.5007, PPL 33.14
saving checkpoint to out-plan-a/a-combined
iter 2000: loss 3.3725, time 2026.22ms, mfu 13.67%
iter 2025: loss 3.3237, time 121.99ms, mfu 13.91%
iter 2050: loss 3.3333, time 122.60ms, mfu 14.12%
iter 2075: loss 3.3310, time 123.65ms, mfu 14.30%
iter 2100: loss 3.3029, time 121.79ms, mfu 14.48%
iter 2125: loss 3.2951, time 122.36ms, mfu 14.63%
iter 2150: loss 3.2813, time 123.77ms, mfu 14.75%
iter 2175: loss 3.3746, time 123.48ms, mfu 14.87%
iter 2200: loss 3.2812, time 122.30ms, mfu 14.98%
iter 2225: loss 3.3581, time 122.34ms, mfu 15.09%
[normal] step 2250: train loss 3.0966, val loss 3.4687, PPL 32.10
saving checkpoint to out-plan-a/a-combined
iter 2250: loss 3.2169, time 2107.57ms, mfu 13.67%
iter 2275: loss 3.3272, time 123.37ms, mfu 13.89%
iter 2300: loss 3.2406, time 121.86ms, mfu 14.11%
iter 2325: loss 3.3075, time 123.63ms, mfu 14.29%
iter 2350: loss 3.2206, time 123.12ms, mfu 14.45%
iter 2375: loss 3.2968, time 122.32ms, mfu 14.61%
iter 2400: loss 3.3045, time 122.52ms, mfu 14.75%
iter 2425: loss 3.2150, time 122.32ms, mfu 14.88%
iter 2450: loss 3.2572, time 121.83ms, mfu 15.00%
iter 2475: loss 3.1947, time 122.47ms, mfu 15.10%
[normal] step 2500: train loss 3.0402, val loss 3.4442, PPL 31.32
saving checkpoint to out-plan-a/a-combined
iter 2500: loss 3.2691, time 2103.74ms, mfu 13.68%
iter 2525: loss 3.2915, time 123.88ms, mfu 13.90%
iter 2550: loss 3.3528, time 122.39ms, mfu 14.11%
iter 2575: loss 3.2333, time 122.47ms, mfu 14.30%
iter 2600: loss 3.2104, time 123.25ms, mfu 14.46%
iter 2625: loss 3.2363, time 122.33ms, mfu 14.62%
iter 2650: loss 3.2847, time 122.32ms, mfu 14.76%
iter 2675: loss 3.1557, time 123.76ms, mfu 14.87%
iter 2700: loss 3.1908, time 121.83ms, mfu 14.99%
iter 2725: loss 3.1716, time 122.40ms, mfu 15.09%
[normal] step 2750: train loss 2.9730, val loss 3.4191, PPL 30.54
saving checkpoint to out-plan-a/a-combined
iter 2750: loss 3.2376, time 2103.52ms, mfu 13.68%
iter 2775: loss 3.1872, time 123.80ms, mfu 13.89%
iter 2800: loss 3.2495, time 122.24ms, mfu 14.11%
iter 2825: loss 3.2063, time 122.58ms, mfu 14.30%
iter 2850: loss 3.1477, time 123.74ms, mfu 14.45%
iter 2875: loss 3.2396, time 115.75ms, mfu 14.70%
iter 2900: loss 3.2107, time 56.61ms, mfu 16.70%
iter 2925: loss 3.1022, time 123.24ms, mfu 16.62%
iter 2950: loss 3.1441, time 122.56ms, mfu 16.56%
iter 2975: loss 3.1295, time 122.71ms, mfu 16.50%
[normal] step 3000: train loss 2.9288, val loss 3.4030, PPL 30.05
saving checkpoint to out-plan-a/a-combined
iter 3000: loss 3.1364, time 2102.69ms, mfu 14.94%
iter 3025: loss 3.2108, time 123.28ms, mfu 15.04%
iter 3050: loss 3.1248, time 122.65ms, mfu 15.13%
iter 3075: loss 3.1917, time 122.13ms, mfu 15.23%
iter 3100: loss 3.2001, time 123.24ms, mfu 15.29%
iter 3125: loss 3.1640, time 122.24ms, mfu 15.37%
iter 3150: loss 3.0671, time 122.52ms, mfu 15.43%
iter 3175: loss 3.0777, time 123.87ms, mfu 15.47%
iter 3200: loss 3.1679, time 121.77ms, mfu 15.54%
iter 3225: loss 3.1641, time 122.64ms, mfu 15.58%
[normal] step 3250: train loss 2.8940, val loss 3.3848, PPL 29.51
saving checkpoint to out-plan-a/a-combined
iter 3250: loss 3.0559, time 2104.60ms, mfu 14.12%
iter 3275: loss 3.1597, time 122.76ms, mfu 14.30%
iter 3300: loss 3.0684, time 122.49ms, mfu 14.47%
iter 3325: loss 3.1248, time 122.36ms, mfu 14.63%
iter 3350: loss 3.1383, time 123.46ms, mfu 14.75%
iter 3375: loss 3.0778, time 121.54ms, mfu 14.89%
iter 3400: loss 3.0662, time 122.48ms, mfu 15.00%
iter 3425: loss 3.0801, time 123.31ms, mfu 15.09%
iter 3450: loss 3.1248, time 123.55ms, mfu 15.17%
iter 3475: loss 3.1274, time 122.12ms, mfu 15.26%
[normal] step 3500: train loss 2.8672, val loss 3.3863, PPL 29.56
iter 3500: loss 3.1286, time 1836.27ms, mfu 13.84%
iter 3525: loss 3.0245, time 122.15ms, mfu 14.06%
iter 3550: loss 3.0684, time 122.02ms, mfu 14.26%
iter 3575: loss 3.1046, time 123.33ms, mfu 14.43%
iter 3600: loss 3.0426, time 122.23ms, mfu 14.59%
iter 3625: loss 2.9911, time 122.56ms, mfu 14.73%
iter 3650: loss 3.0551, time 123.96ms, mfu 14.84%
iter 3675: loss 3.0827, time 121.79ms, mfu 14.96%
iter 3700: loss 2.9767, time 122.49ms, mfu 15.07%
iter 3725: loss 3.0820, time 123.56ms, mfu 15.15%
[normal] step 3750: train loss 2.8203, val loss 3.3612, PPL 28.83
saving checkpoint to out-plan-a/a-combined
iter 3750: loss 3.0325, time 2098.65ms, mfu 13.73%
iter 3775: loss 3.0468, time 115.85ms, mfu 14.05%
iter 3800: loss 2.9391, time 122.05ms, mfu 14.25%
iter 3825: loss 3.0081, time 122.29ms, mfu 14.43%
iter 3850: loss 3.0407, time 123.90ms, mfu 14.57%
iter 3875: loss 3.1028, time 121.77ms, mfu 14.72%
iter 3900: loss 3.0988, time 122.54ms, mfu 14.85%
iter 3925: loss 3.0337, time 123.51ms, mfu 14.95%
iter 3950: loss 2.9586, time 123.34ms, mfu 15.05%
iter 3975: loss 2.9811, time 122.16ms, mfu 15.15%
[normal] step 4000: train loss 2.7709, val loss 3.3489, PPL 28.47
saving checkpoint to out-plan-a/a-combined
iter 4000: loss 3.0927, time 2102.73ms, mfu 13.73%
iter 4025: loss 3.0245, time 123.73ms, mfu 13.94%
iter 4050: loss 2.9714, time 121.83ms, mfu 14.15%
iter 4075: loss 2.9808, time 122.88ms, mfu 14.33%
iter 4100: loss 2.9734, time 123.51ms, mfu 14.49%
iter 4125: loss 3.0548, time 122.99ms, mfu 14.63%
iter 4150: loss 2.9667, time 122.09ms, mfu 14.78%
iter 4175: loss 2.9966, time 121.50ms, mfu 14.91%
iter 4200: loss 3.0258, time 122.93ms, mfu 15.02%
iter 4225: loss 3.0114, time 121.91ms, mfu 15.12%
[normal] step 4250: train loss 2.7367, val loss 3.3616, PPL 28.83
iter 4250: loss 2.9441, time 1844.09ms, mfu 13.72%
iter 4275: loss 2.9417, time 121.55ms, mfu 13.96%
iter 4300: loss 2.9633, time 122.89ms, mfu 14.16%
iter 4325: loss 2.9892, time 123.40ms, mfu 14.33%
iter 4350: loss 2.9862, time 123.38ms, mfu 14.49%
iter 4375: loss 2.9445, time 122.18ms, mfu 14.64%
iter 4400: loss 2.8921, time 123.69ms, mfu 14.77%
iter 4425: loss 2.9523, time 123.02ms, mfu 14.88%
iter 4450: loss 2.9618, time 122.14ms, mfu 15.00%
iter 4475: loss 2.8960, time 122.09ms, mfu 15.11%
[normal] step 4500: train loss 2.7101, val loss 3.3345, PPL 28.06
saving checkpoint to out-plan-a/a-combined
iter 4500: loss 3.0305, time 2073.30ms, mfu 13.69%
iter 4525: loss 2.9256, time 121.99ms, mfu 13.93%
iter 4550: loss 2.9544, time 121.62ms, mfu 14.15%
iter 4575: loss 3.0085, time 123.15ms, mfu 14.33%
iter 4600: loss 2.9414, time 121.82ms, mfu 14.50%
iter 4625: loss 2.9396, time 122.47ms, mfu 14.65%
iter 4650: loss 2.9537, time 115.67ms, mfu 14.88%
iter 4675: loss 2.9357, time 123.54ms, mfu 14.98%
iter 4700: loss 3.0211, time 123.01ms, mfu 15.08%
iter 4725: loss 2.9606, time 121.94ms, mfu 15.18%
[normal] step 4750: train loss 2.6715, val loss 3.3216, PPL 27.70
saving checkpoint to out-plan-a/a-combined
iter 4750: loss 2.9383, time 2083.01ms, mfu 13.76%
iter 4775: loss 2.8613, time 123.56ms, mfu 13.97%
iter 4800: loss 2.9103, time 122.10ms, mfu 14.18%
iter 4825: loss 2.8450, time 122.71ms, mfu 14.36%
iter 4850: loss 2.9022, time 123.90ms, mfu 14.50%
iter 4875: loss 2.9080, time 122.01ms, mfu 14.66%
iter 4900: loss 2.9776, time 122.67ms, mfu 14.79%
iter 4925: loss 2.8462, time 124.09ms, mfu 14.89%
iter 4950: loss 2.8792, time 123.45ms, mfu 14.99%
iter 4975: loss 2.8443, time 121.73ms, mfu 15.10%
[normal] step 5000: train loss 2.6438, val loss 3.3383, PPL 28.17
iter 5000: loss 2.8301, time 1837.98ms, mfu 13.70%
iter 5025: loss 2.8558, time 121.09ms, mfu 13.95%
iter 5050: loss 2.8913, time 121.61ms, mfu 14.17%
iter 5075: loss 2.8114, time 123.56ms, mfu 14.34%
iter 5100: loss 2.8877, time 122.37ms, mfu 14.51%
iter 5125: loss 2.8202, time 122.72ms, mfu 14.65%
iter 5150: loss 2.8783, time 123.76ms, mfu 14.77%
iter 5175: loss 2.9192, time 121.98ms, mfu 14.90%
iter 5200: loss 2.8923, time 122.59ms, mfu 15.01%
iter 5225: loss 2.8801, time 123.77ms, mfu 15.10%
[normal] step 5250: train loss 2.6172, val loss 3.3118, PPL 27.43
saving checkpoint to out-plan-a/a-combined
iter 5250: loss 2.9203, time 2104.17ms, mfu 13.68%
iter 5275: loss 2.9008, time 121.87ms, mfu 13.92%
iter 5300: loss 2.8682, time 122.53ms, mfu 14.13%
iter 5325: loss 2.8679, time 123.88ms, mfu 14.30%
iter 5350: loss 2.8567, time 121.68ms, mfu 14.48%
iter 5375: loss 2.8815, time 122.38ms, mfu 14.63%
iter 5400: loss 2.8197, time 123.52ms, mfu 14.76%
iter 5425: loss 2.7905, time 123.40ms, mfu 14.87%
iter 5450: loss 2.8957, time 122.08ms, mfu 14.99%
iter 5475: loss 2.8891, time 123.84ms, mfu 15.08%
[normal] step 5500: train loss 2.5799, val loss 3.3199, PPL 27.66
iter 5500: loss 2.8668, time 1831.70ms, mfu 13.68%
iter 5525: loss 2.8106, time 115.91ms, mfu 14.00%
iter 5550: loss 2.8701, time 122.33ms, mfu 14.20%
iter 5575: loss 2.8217, time 123.65ms, mfu 14.37%
iter 5600: loss 2.8460, time 121.39ms, mfu 14.55%
iter 5625: loss 2.8468, time 122.43ms, mfu 14.69%
iter 5650: loss 2.7692, time 123.56ms, mfu 14.81%
iter 5675: loss 2.8873, time 123.34ms, mfu 14.92%
iter 5700: loss 2.8406, time 122.03ms, mfu 15.04%
iter 5725: loss 2.8907, time 123.41ms, mfu 15.12%
[normal] step 5750: train loss 2.5648, val loss 3.3225, PPL 27.73
iter 5750: loss 2.8461, time 1839.42ms, mfu 13.72%
iter 5775: loss 2.7528, time 122.01ms, mfu 13.95%
iter 5800: loss 2.7922, time 123.31ms, mfu 14.15%
iter 5825: loss 2.8083, time 121.86ms, mfu 14.34%
iter 5850: loss 2.8129, time 122.37ms, mfu 14.51%
iter 5875: loss 2.7633, time 123.61ms, mfu 14.64%
iter 5900: loss 2.9271, time 122.27ms, mfu 14.78%
iter 5925: loss 2.8334, time 122.27ms, mfu 14.91%
iter 5950: loss 2.7764, time 123.55ms, mfu 15.01%
iter 5975: loss 2.8239, time 122.96ms, mfu 15.10%
[normal] step 6000: train loss 2.5370, val loss 3.3093, PPL 27.37
saving checkpoint to out-plan-a/a-combined
iter 6000: loss 2.8887, time 2102.58ms, mfu 13.68%
iter 6025: loss 2.8650, time 122.35ms, mfu 13.92%
iter 6050: loss 2.8151, time 123.67ms, mfu 14.11%
iter 6075: loss 2.8993, time 122.11ms, mfu 14.31%
iter 6100: loss 2.8167, time 122.35ms, mfu 14.48%
iter 6125: loss 2.8140, time 123.54ms, mfu 14.62%
iter 6150: loss 2.7613, time 123.08ms, mfu 14.75%
iter 6175: loss 2.7409, time 122.23ms, mfu 14.88%
iter 6200: loss 2.8325, time 123.76ms, mfu 14.98%
iter 6225: loss 2.7205, time 123.77ms, mfu 15.06%
[normal] step 6250: train loss 2.5094, val loss 3.3121, PPL 27.44
iter 6250: loss 2.8078, time 1835.26ms, mfu 13.66%
iter 6275: loss 2.7629, time 123.17ms, mfu 13.89%
iter 6300: loss 2.8132, time 122.05ms, mfu 14.11%
iter 6325: loss 2.8812, time 122.26ms, mfu 14.30%
iter 6350: loss 2.7083, time 122.85ms, mfu 14.47%
iter 6375: loss 2.8377, time 122.00ms, mfu 14.63%
iter 6400: loss 2.7401, time 122.45ms, mfu 14.77%
iter 6425: loss 2.7464, time 115.29ms, mfu 14.99%
iter 6450: loss 2.8385, time 122.09ms, mfu 15.10%
iter 6475: loss 2.7698, time 123.45ms, mfu 15.18%
[normal] step 6500: train loss 2.4881, val loss 3.3174, PPL 27.59
iter 6500: loss 2.7646, time 1835.87ms, mfu 13.77%
iter 6525: loss 2.7851, time 122.85ms, mfu 13.98%
iter 6550: loss 2.8044, time 122.00ms, mfu 14.19%
iter 6575: loss 2.7658, time 122.10ms, mfu 14.38%
iter 6600: loss 2.7564, time 123.41ms, mfu 14.53%
iter 6625: loss 2.7580, time 121.35ms, mfu 14.69%
iter 6650: loss 2.7303, time 122.21ms, mfu 14.83%
iter 6675: loss 2.6523, time 123.42ms, mfu 14.94%
iter 6700: loss 2.7281, time 123.25ms, mfu 15.03%
iter 6725: loss 2.7642, time 122.38ms, mfu 15.13%
[normal] step 6750: train loss 2.4604, val loss 3.2968, PPL 27.03
saving checkpoint to out-plan-a/a-combined
iter 6750: loss 2.7465, time 2093.11ms, mfu 13.71%
iter 6775: loss 2.7456, time 123.03ms, mfu 13.94%
iter 6800: loss 2.7513, time 121.87ms, mfu 14.15%
iter 6825: loss 2.6972, time 122.21ms, mfu 14.34%
iter 6850: loss 2.7474, time 123.40ms, mfu 14.50%
iter 6875: loss 2.6765, time 121.76ms, mfu 14.66%
iter 6900: loss 2.7455, time 122.61ms, mfu 14.79%
iter 6925: loss 2.7266, time 123.43ms, mfu 14.90%
iter 6950: loss 2.6832, time 123.61ms, mfu 15.00%
iter 6975: loss 2.7560, time 122.32ms, mfu 15.10%
[normal] step 7000: train loss 2.4434, val loss 3.2834, PPL 26.67
saving checkpoint to out-plan-a/a-combined
iter 7000: loss 2.7255, time 2101.31ms, mfu 13.68%
iter 7025: loss 2.6761, time 123.70ms, mfu 13.90%
iter 7050: loss 2.7184, time 121.50ms, mfu 14.12%
iter 7075: loss 2.7395, time 122.62ms, mfu 14.31%
iter 7100: loss 2.7853, time 123.33ms, mfu 14.47%
iter 7125: loss 2.7075, time 123.20ms, mfu 14.61%
iter 7150: loss 2.7007, time 121.85ms, mfu 14.76%
iter 7175: loss 2.7103, time 123.95ms, mfu 14.87%
iter 7200: loss 2.7483, time 123.35ms, mfu 14.97%
iter 7225: loss 2.7135, time 121.88ms, mfu 15.08%
[normal] step 7250: train loss 2.4190, val loss 3.2987, PPL 27.08
iter 7250: loss 2.7695, time 1837.51ms, mfu 13.68%
iter 7275: loss 2.6665, time 122.07ms, mfu 13.92%
iter 7300: loss 2.7895, time 115.92ms, mfu 14.22%
iter 7325: loss 2.6744, time 121.82ms, mfu 14.41%
iter 7350: loss 2.7049, time 123.60ms, mfu 14.55%
iter 7375: loss 2.6198, time 123.24ms, mfu 14.69%
iter 7400: loss 2.6465, time 121.89ms, mfu 14.83%
iter 7425: loss 2.6528, time 121.72ms, mfu 14.96%
iter 7450: loss 2.6840, time 123.24ms, mfu 15.05%
iter 7475: loss 2.6564, time 121.90ms, mfu 15.16%
[normal] step 7500: train loss 2.4011, val loss 3.3024, PPL 27.18
iter 7500: loss 2.6532, time 1838.03ms, mfu 13.75%
iter 7525: loss 2.7458, time 121.75ms, mfu 13.98%
iter 7550: loss 2.6767, time 122.31ms, mfu 14.19%
iter 7575: loss 2.6881, time 123.42ms, mfu 14.36%
iter 7600: loss 2.6534, time 121.80ms, mfu 14.53%
iter 7625: loss 2.6758, time 122.48ms, mfu 14.68%
iter 7650: loss 2.7341, time 123.54ms, mfu 14.80%
iter 7675: loss 2.7186, time 122.44ms, mfu 14.92%
iter 7700: loss 2.6255, time 122.18ms, mfu 15.03%
iter 7725: loss 2.6959, time 121.58ms, mfu 15.14%
[normal] step 7750: train loss 2.3871, val loss 3.2925, PPL 26.91
iter 7750: loss 2.7264, time 1830.12ms, mfu 13.74%
iter 7775: loss 2.6927, time 123.40ms, mfu 13.95%
iter 7800: loss 2.7075, time 123.29ms, mfu 14.15%
iter 7825: loss 2.6932, time 121.69ms, mfu 14.34%
iter 7850: loss 2.7245, time 122.38ms, mfu 14.51%
iter 7875: loss 2.6707, time 122.84ms, mfu 14.66%
iter 7900: loss 2.6822, time 121.38ms, mfu 14.81%
iter 7925: loss 2.6455, time 122.13ms, mfu 14.93%
iter 7950: loss 2.7248, time 123.47ms, mfu 15.03%
iter 7975: loss 2.6875, time 121.95ms, mfu 15.13%
[normal] step 8000: train loss 2.3706, val loss 3.2854, PPL 26.72
iter 8000: loss 2.6379, time 1830.11ms, mfu 13.73%
iter 8025: loss 2.7607, time 121.57ms, mfu 13.97%
iter 8050: loss 2.6667, time 122.46ms, mfu 14.17%
iter 8075: loss 2.6396, time 123.01ms, mfu 14.35%
iter 8100: loss 2.6713, time 122.70ms, mfu 14.51%
iter 8125: loss 2.6776, time 121.80ms, mfu 14.67%
iter 8150: loss 2.6424, time 123.60ms, mfu 14.79%
iter 8175: loss 2.6618, time 122.67ms, mfu 14.91%
iter 8200: loss 2.6582, time 116.01ms, mfu 15.11%
iter 8225: loss 2.6488, time 121.76ms, mfu 15.21%
[normal] step 8250: train loss 2.3587, val loss 3.2937, PPL 26.94
iter 8250: loss 2.6998, time 1839.87ms, mfu 13.79%
iter 8275: loss 2.6131, time 123.29ms, mfu 14.01%
iter 8300: loss 2.7073, time 121.76ms, mfu 14.22%
iter 8325: loss 2.7072, time 123.79ms, mfu 14.38%
iter 8350: loss 2.7590, time 123.36ms, mfu 14.53%
iter 8375: loss 2.6242, time 122.05ms, mfu 14.68%
iter 8400: loss 2.6221, time 122.17ms, mfu 14.82%
iter 8425: loss 2.6723, time 122.85ms, mfu 14.93%
iter 8450: loss 2.6292, time 122.28ms, mfu 15.04%
iter 8475: loss 2.6264, time 122.03ms, mfu 15.15%
[normal] step 8500: train loss 2.3497, val loss 3.2796, PPL 26.56
saving checkpoint to out-plan-a/a-combined
iter 8500: loss 2.6296, time 2113.00ms, mfu 13.73%
iter 8525: loss 2.6750, time 123.06ms, mfu 13.95%
iter 8550: loss 2.6431, time 122.35ms, mfu 14.15%
iter 8575: loss 2.6114, time 122.09ms, mfu 14.35%
iter 8600: loss 2.6204, time 123.56ms, mfu 14.50%
iter 8625: loss 2.6841, time 122.91ms, mfu 14.64%
iter 8650: loss 2.6538, time 121.63ms, mfu 14.79%
iter 8675: loss 2.6262, time 123.55ms, mfu 14.90%
iter 8700: loss 2.6715, time 122.90ms, mfu 15.00%
iter 8725: loss 2.6354, time 121.59ms, mfu 15.12%
[normal] step 8750: train loss 2.3416, val loss 3.2846, PPL 26.70
iter 8750: loss 2.5642, time 1833.07ms, mfu 13.71%
iter 8775: loss 2.6162, time 121.71ms, mfu 13.95%
iter 8800: loss 2.7100, time 122.14ms, mfu 14.16%
iter 8825: loss 2.6805, time 123.08ms, mfu 14.34%
iter 8850: loss 2.6653, time 121.90ms, mfu 14.51%
iter 8875: loss 2.6540, time 122.44ms, mfu 14.66%
iter 8900: loss 2.6325, time 122.77ms, mfu 14.80%
iter 8925: loss 2.6310, time 122.07ms, mfu 14.92%
iter 8950: loss 2.6796, time 122.34ms, mfu 15.03%
iter 8975: loss 2.6805, time 123.29ms, mfu 15.12%
[normal] step 9000: train loss 2.3355, val loss 3.2788, PPL 26.54
saving checkpoint to out-plan-a/a-combined
iter 9000: loss 2.6096, time 2106.45ms, mfu 13.70%
iter 9025: loss 2.6933, time 122.27ms, mfu 13.93%
iter 9050: loss 2.6198, time 121.91ms, mfu 14.15%
iter 9075: loss 2.6483, time 116.07ms, mfu 14.42%
iter 9100: loss 2.6039, time 123.92ms, mfu 14.56%
iter 9125: loss 2.6481, time 122.78ms, mfu 14.71%
iter 9150: loss 2.5750, time 121.57ms, mfu 14.85%
iter 9175: loss 2.6631, time 122.75ms, mfu 14.96%
iter 9200: loss 2.6719, time 122.82ms, mfu 15.06%
iter 9225: loss 2.6045, time 122.05ms, mfu 15.16%
[normal] step 9250: train loss 2.3279, val loss 3.2755, PPL 26.46
saving checkpoint to out-plan-a/a-combined
iter 9250: loss 2.6172, time 2132.64ms, mfu 13.74%
iter 9275: loss 2.5617, time 121.66ms, mfu 13.98%
iter 9300: loss 2.6305, time 123.59ms, mfu 14.16%
iter 9325: loss 2.5633, time 123.14ms, mfu 14.34%
iter 9350: loss 2.5800, time 121.61ms, mfu 14.52%
iter 9375: loss 2.5949, time 122.52ms, mfu 14.67%
iter 9400: loss 2.5885, time 122.80ms, mfu 14.80%
iter 9425: loss 2.6217, time 121.89ms, mfu 14.93%
iter 9450: loss 2.6069, time 122.62ms, mfu 15.03%
iter 9475: loss 2.6565, time 123.52ms, mfu 15.12%
[normal] step 9500: train loss 2.3186, val loss 3.2844, PPL 26.69
iter 9500: loss 2.6549, time 1834.56ms, mfu 13.71%
iter 9525: loss 2.6075, time 123.44ms, mfu 13.93%
iter 9550: loss 2.6444, time 122.76ms, mfu 14.13%
iter 9575: loss 2.6052, time 120.83ms, mfu 14.34%
iter 9600: loss 2.5992, time 123.60ms, mfu 14.50%
iter 9625: loss 2.6139, time 123.07ms, mfu 14.64%
iter 9650: loss 2.5809, time 121.81ms, mfu 14.79%
iter 9675: loss 2.6740, time 122.30ms, mfu 14.91%
iter 9700: loss 2.6159, time 122.50ms, mfu 15.02%
iter 9725: loss 2.6023, time 121.97ms, mfu 15.13%
[normal] step 9750: train loss 2.3217, val loss 3.2739, PPL 26.41
saving checkpoint to out-plan-a/a-combined
iter 9750: loss 2.6548, time 2105.08ms, mfu 13.71%
iter 9775: loss 2.5786, time 123.53ms, mfu 13.92%
iter 9800: loss 2.6547, time 122.97ms, mfu 14.13%
iter 9825: loss 2.6369, time 122.14ms, mfu 14.32%
iter 9850: loss 2.6435, time 122.10ms, mfu 14.49%
iter 9875: loss 2.6448, time 123.08ms, mfu 14.64%
iter 9900: loss 2.6482, time 121.44ms, mfu 14.79%
iter 9925: loss 2.6016, time 122.68ms, mfu 14.91%
iter 9950: loss 2.5985, time 123.56ms, mfu 15.00%
iter 9975: loss 2.6203, time 115.59ms, mfu 15.20%
[normal] step 10000: train loss 2.3212, val loss 3.2852, PPL 26.71
iter 10000: loss 2.6936, time 1834.86ms, mfu 13.79%
